Classic Timing Analyzer report for ALU_8x16
Thu May 01 13:51:46 2025
Quartus II Version 9.1 Build 350 03/24/2010 Service Pack 2 SJ Web Edition


---------------------
; Table of Contents ;
---------------------
  1. Legal Notice
  2. Timing Analyzer Summary
  3. Timing Analyzer Settings
  4. Parallel Compilation
  5. tpd
  6. Timing Analyzer Messages



----------------
; Legal Notice ;
----------------
Copyright (C) 1991-2010 Altera Corporation
Your use of Altera Corporation's design tools, logic functions 
and other software and tools, and its AMPP partner logic 
functions, and any output files from any of the foregoing 
(including device programming or simulation files), and any 
associated documentation or information are expressly subject 
to the terms and conditions of the Altera Program License 
Subscription Agreement, Altera MegaCore Function License 
Agreement, or other applicable license agreement, including, 
without limitation, that your use is for the sole purpose of 
programming logic devices manufactured by Altera and sold by 
Altera or its authorized distributors.  Please refer to the 
applicable agreement for further details.



+-----------------------------------------------------------------------------------------------------------------------------+
; Timing Analyzer Summary                                                                                                     ;
+------------------------------+-------+---------------+-------------+---------+-------+------------+----------+--------------+
; Type                         ; Slack ; Required Time ; Actual Time ; From    ; To    ; From Clock ; To Clock ; Failed Paths ;
+------------------------------+-------+---------------+-------------+---------+-------+------------+----------+--------------+
; Worst-case tpd               ; N/A   ; None          ; 20.953 ns   ; b_in[1] ; z_out ; --         ; --       ; 0            ;
; Total number of failed paths ;       ;               ;             ;         ;       ;            ;          ; 0            ;
+------------------------------+-------+---------------+-------------+---------+-------+------------+----------+--------------+


+-----------------------------------------------------------------------------------------------------------------------------------------------------+
; Timing Analyzer Settings                                                                                                                            ;
+------------------------------------------------------------------------------------------------------+--------------------+------+----+-------------+
; Option                                                                                               ; Setting            ; From ; To ; Entity Name ;
+------------------------------------------------------------------------------------------------------+--------------------+------+----+-------------+
; Device Name                                                                                          ; EP2C35F672C6       ;      ;    ;             ;
; Timing Models                                                                                        ; Final              ;      ;    ;             ;
; Default hold multicycle                                                                              ; Same as Multicycle ;      ;    ;             ;
; Cut paths between unrelated clock domains                                                            ; On                 ;      ;    ;             ;
; Cut off read during write signal paths                                                               ; On                 ;      ;    ;             ;
; Cut off feedback from I/O pins                                                                       ; On                 ;      ;    ;             ;
; Report Combined Fast/Slow Timing                                                                     ; Off                ;      ;    ;             ;
; Ignore Clock Settings                                                                                ; Off                ;      ;    ;             ;
; Analyze latches as synchronous elements                                                              ; On                 ;      ;    ;             ;
; Enable Recovery/Removal analysis                                                                     ; Off                ;      ;    ;             ;
; Enable Clock Latency                                                                                 ; Off                ;      ;    ;             ;
; Use TimeQuest Timing Analyzer                                                                        ; Off                ;      ;    ;             ;
; Minimum Core Junction Temperature                                                                    ; 0                  ;      ;    ;             ;
; Maximum Core Junction Temperature                                                                    ; 85                 ;      ;    ;             ;
; Number of source nodes to report per destination node                                                ; 10                 ;      ;    ;             ;
; Number of destination nodes to report                                                                ; 10                 ;      ;    ;             ;
; Number of paths to report                                                                            ; 200                ;      ;    ;             ;
; Report Minimum Timing Checks                                                                         ; Off                ;      ;    ;             ;
; Use Fast Timing Models                                                                               ; Off                ;      ;    ;             ;
; Report IO Paths Separately                                                                           ; Off                ;      ;    ;             ;
; Perform Multicorner Analysis                                                                         ; On                 ;      ;    ;             ;
; Reports the worst-case path for each clock domain and analysis                                       ; Off                ;      ;    ;             ;
; Reports worst-case timing paths for each clock domain and analysis                                   ; On                 ;      ;    ;             ;
; Specifies the maximum number of worst-case timing paths to report for each clock domain and analysis ; 100                ;      ;    ;             ;
; Removes common clock path pessimism (CCPP) during slack computation                                  ; Off                ;      ;    ;             ;
; Output I/O Timing Endpoint                                                                           ; Near End           ;      ;    ;             ;
+------------------------------------------------------------------------------------------------------+--------------------+------+----+-------------+


Parallel compilation was disabled, but you have multiple processors available. Enable parallel compilation to reduce compilation time.
+-------------------------------------+
; Parallel Compilation                ;
+----------------------------+--------+
; Processors                 ; Number ;
+----------------------------+--------+
; Number detected on machine ; 16     ;
; Maximum allowed            ; 1      ;
+----------------------------+--------+


+--------------------------------------------------------------------+
; tpd                                                                ;
+-------+-------------------+-----------------+-----------+----------+
; Slack ; Required P2P Time ; Actual P2P Time ; From      ; To       ;
+-------+-------------------+-----------------+-----------+----------+
; N/A   ; None              ; 20.953 ns       ; b_in[1]   ; z_out    ;
; N/A   ; None              ; 20.657 ns       ; c_in      ; z_out    ;
; N/A   ; None              ; 20.294 ns       ; b_in[3]   ; z_out    ;
; N/A   ; None              ; 20.227 ns       ; a_in[1]   ; z_out    ;
; N/A   ; None              ; 20.140 ns       ; b_in[2]   ; z_out    ;
; N/A   ; None              ; 19.787 ns       ; b_in[4]   ; z_out    ;
; N/A   ; None              ; 19.671 ns       ; b_in[6]   ; z_out    ;
; N/A   ; None              ; 19.491 ns       ; a_in[6]   ; z_out    ;
; N/A   ; None              ; 19.481 ns       ; a_in[2]   ; z_out    ;
; N/A   ; None              ; 19.448 ns       ; b_in[5]   ; z_out    ;
; N/A   ; None              ; 19.350 ns       ; a_in[3]   ; z_out    ;
; N/A   ; None              ; 19.300 ns       ; a_in[5]   ; z_out    ;
; N/A   ; None              ; 19.251 ns       ; a_in[4]   ; z_out    ;
; N/A   ; None              ; 19.020 ns       ; b_in[7]   ; z_out    ;
; N/A   ; None              ; 18.993 ns       ; a_in[7]   ; z_out    ;
; N/A   ; None              ; 18.430 ns       ; b_in[1]   ; r_out[3] ;
; N/A   ; None              ; 18.134 ns       ; c_in      ; r_out[3] ;
; N/A   ; None              ; 17.897 ns       ; b_in[1]   ; v_out    ;
; N/A   ; None              ; 17.816 ns       ; b_in[1]   ; r_out[5] ;
; N/A   ; None              ; 17.779 ns       ; b_in[1]   ; r_out[6] ;
; N/A   ; None              ; 17.726 ns       ; b_in[3]   ; v_out    ;
; N/A   ; None              ; 17.659 ns       ; a_in[1]   ; v_out    ;
; N/A   ; None              ; 17.636 ns       ; op_sel[0] ; z_out    ;
; N/A   ; None              ; 17.617 ns       ; b_in[2]   ; r_out[3] ;
; N/A   ; None              ; 17.429 ns       ; c_in      ; v_out    ;
; N/A   ; None              ; 17.396 ns       ; b_in[2]   ; v_out    ;
; N/A   ; None              ; 17.385 ns       ; b_in[3]   ; r_out[5] ;
; N/A   ; None              ; 17.348 ns       ; b_in[3]   ; r_out[6] ;
; N/A   ; None              ; 17.348 ns       ; c_in      ; r_out[5] ;
; N/A   ; None              ; 17.340 ns       ; b_in[3]   ; r_out[3] ;
; N/A   ; None              ; 17.315 ns       ; b_in[2]   ; r_out[5] ;
; N/A   ; None              ; 17.311 ns       ; c_in      ; r_out[6] ;
; N/A   ; None              ; 17.278 ns       ; b_in[2]   ; r_out[6] ;
; N/A   ; None              ; 17.261 ns       ; b_in[1]   ; r_out[4] ;
; N/A   ; None              ; 17.221 ns       ; b_in[0]   ; z_out    ;
; N/A   ; None              ; 17.220 ns       ; b_in[3]   ; r_out[7] ;
; N/A   ; None              ; 17.219 ns       ; b_in[4]   ; v_out    ;
; N/A   ; None              ; 17.153 ns       ; a_in[1]   ; r_out[7] ;
; N/A   ; None              ; 17.130 ns       ; b_in[1]   ; r_out[1] ;
; N/A   ; None              ; 17.126 ns       ; a_in[1]   ; r_out[3] ;
; N/A   ; None              ; 17.121 ns       ; op_sel[1] ; z_out    ;
; N/A   ; None              ; 17.103 ns       ; b_in[6]   ; v_out    ;
; N/A   ; None              ; 17.087 ns       ; b_in[1]   ; r_out[2] ;
; N/A   ; None              ; 17.024 ns       ; a_in[1]   ; r_out[5] ;
; N/A   ; None              ; 16.991 ns       ; a_in[1]   ; r_out[4] ;
; N/A   ; None              ; 16.979 ns       ; c_in      ; r_out[1] ;
; N/A   ; None              ; 16.965 ns       ; c_in      ; r_out[4] ;
; N/A   ; None              ; 16.964 ns       ; b_in[1]   ; r_out[7] ;
; N/A   ; None              ; 16.936 ns       ; c_in      ; r_out[2] ;
; N/A   ; None              ; 16.923 ns       ; a_in[6]   ; v_out    ;
; N/A   ; None              ; 16.913 ns       ; a_in[2]   ; v_out    ;
; N/A   ; None              ; 16.911 ns       ; b_in[4]   ; r_out[6] ;
; N/A   ; None              ; 16.903 ns       ; b_in[5]   ; v_out    ;
; N/A   ; None              ; 16.894 ns       ; b_in[4]   ; r_out[5] ;
; N/A   ; None              ; 16.785 ns       ; b_in[3]   ; r_out[4] ;
; N/A   ; None              ; 16.782 ns       ; a_in[3]   ; v_out    ;
; N/A   ; None              ; 16.732 ns       ; a_in[5]   ; v_out    ;
; N/A   ; None              ; 16.728 ns       ; b_in[2]   ; r_out[4] ;
; N/A   ; None              ; 16.727 ns       ; a_in[2]   ; r_out[3] ;
; N/A   ; None              ; 16.713 ns       ; b_in[4]   ; r_out[7] ;
; N/A   ; None              ; 16.683 ns       ; a_in[4]   ; v_out    ;
; N/A   ; None              ; 16.597 ns       ; b_in[6]   ; r_out[7] ;
; N/A   ; None              ; 16.522 ns       ; op_sel[3] ; z_out    ;
; N/A   ; None              ; 16.496 ns       ; c_in      ; r_out[7] ;
; N/A   ; None              ; 16.474 ns       ; b_in[5]   ; r_out[6] ;
; N/A   ; None              ; 16.463 ns       ; b_in[2]   ; r_out[7] ;
; N/A   ; None              ; 16.452 ns       ; b_in[7]   ; v_out    ;
; N/A   ; None              ; 16.425 ns       ; a_in[7]   ; v_out    ;
; N/A   ; None              ; 16.417 ns       ; a_in[6]   ; r_out[7] ;
; N/A   ; None              ; 16.407 ns       ; a_in[2]   ; r_out[7] ;
; N/A   ; None              ; 16.407 ns       ; a_in[3]   ; r_out[3] ;
; N/A   ; None              ; 16.374 ns       ; b_in[5]   ; r_out[7] ;
; N/A   ; None              ; 16.305 ns       ; op_sel[2] ; z_out    ;
; N/A   ; None              ; 16.278 ns       ; a_in[2]   ; r_out[5] ;
; N/A   ; None              ; 16.276 ns       ; a_in[3]   ; r_out[7] ;
; N/A   ; None              ; 16.272 ns       ; b_in[6]   ; r_out[6] ;
; N/A   ; None              ; 16.254 ns       ; a_in[1]   ; r_out[6] ;
; N/A   ; None              ; 16.245 ns       ; a_in[2]   ; r_out[4] ;
; N/A   ; None              ; 16.243 ns       ; b_in[4]   ; r_out[4] ;
; N/A   ; None              ; 16.226 ns       ; a_in[5]   ; r_out[7] ;
; N/A   ; None              ; 16.220 ns       ; a_in[0]   ; z_out    ;
; N/A   ; None              ; 16.199 ns       ; b_in[5]   ; r_out[5] ;
; N/A   ; None              ; 16.177 ns       ; a_in[4]   ; r_out[7] ;
; N/A   ; None              ; 16.147 ns       ; a_in[3]   ; r_out[5] ;
; N/A   ; None              ; 16.102 ns       ; b_in[2]   ; r_out[2] ;
; N/A   ; None              ; 15.974 ns       ; a_in[1]   ; r_out[1] ;
; N/A   ; None              ; 15.946 ns       ; b_in[7]   ; r_out[7] ;
; N/A   ; None              ; 15.928 ns       ; a_in[1]   ; r_out[2] ;
; N/A   ; None              ; 15.919 ns       ; a_in[7]   ; r_out[7] ;
; N/A   ; None              ; 15.855 ns       ; a_in[2]   ; r_out[6] ;
; N/A   ; None              ; 15.852 ns       ; a_in[3]   ; r_out[6] ;
; N/A   ; None              ; 15.841 ns       ; a_in[3]   ; r_out[4] ;
; N/A   ; None              ; 15.774 ns       ; a_in[4]   ; r_out[5] ;
; N/A   ; None              ; 15.572 ns       ; a_in[5]   ; r_out[6] ;
; N/A   ; None              ; 15.468 ns       ; a_in[4]   ; r_out[4] ;
; N/A   ; None              ; 15.450 ns       ; a_in[5]   ; r_out[5] ;
; N/A   ; None              ; 15.420 ns       ; a_in[4]   ; r_out[6] ;
; N/A   ; None              ; 15.420 ns       ; a_in[6]   ; r_out[6] ;
; N/A   ; None              ; 15.217 ns       ; a_in[2]   ; r_out[2] ;
; N/A   ; None              ; 15.113 ns       ; op_sel[0] ; r_out[3] ;
; N/A   ; None              ; 14.785 ns       ; b_in[1]   ; c_out    ;
; N/A   ; None              ; 14.698 ns       ; b_in[0]   ; r_out[3] ;
; N/A   ; None              ; 14.598 ns       ; op_sel[1] ; r_out[3] ;
; N/A   ; None              ; 14.556 ns       ; b_in[3]   ; c_out    ;
; N/A   ; None              ; 14.489 ns       ; a_in[1]   ; c_out    ;
; N/A   ; None              ; 14.463 ns       ; op_sel[0] ; v_out    ;
; N/A   ; None              ; 14.460 ns       ; op_sel[1] ; r_out[4] ;
; N/A   ; None              ; 14.437 ns       ; op_sel[0] ; r_out[1] ;
; N/A   ; None              ; 14.423 ns       ; c_in      ; r_out[0] ;
; N/A   ; None              ; 14.317 ns       ; c_in      ; c_out    ;
; N/A   ; None              ; 14.284 ns       ; b_in[2]   ; c_out    ;
; N/A   ; None              ; 14.245 ns       ; b_in[6]   ; c_out    ;
; N/A   ; None              ; 14.237 ns       ; op_sel[0] ; r_out[4] ;
; N/A   ; None              ; 14.170 ns       ; op_sel[3] ; r_out[4] ;
; N/A   ; None              ; 14.156 ns       ; b_in[4]   ; c_out    ;
; N/A   ; None              ; 14.108 ns       ; op_sel[1] ; r_out[5] ;
; N/A   ; None              ; 14.094 ns       ; op_sel[1] ; r_out[6] ;
; N/A   ; None              ; 14.074 ns       ; op_sel[0] ; r_out[5] ;
; N/A   ; None              ; 14.065 ns       ; a_in[6]   ; c_out    ;
; N/A   ; None              ; 14.031 ns       ; b_in[5]   ; c_out    ;
; N/A   ; None              ; 13.999 ns       ; op_sel[3] ; r_out[3] ;
; N/A   ; None              ; 13.993 ns       ; b_in[0]   ; v_out    ;
; N/A   ; None              ; 13.957 ns       ; op_sel[0] ; r_out[7] ;
; N/A   ; None              ; 13.953 ns       ; op_sel[2] ; r_out[4] ;
; N/A   ; None              ; 13.925 ns       ; op_sel[1] ; r_out[1] ;
; N/A   ; None              ; 13.912 ns       ; b_in[0]   ; r_out[5] ;
; N/A   ; None              ; 13.875 ns       ; b_in[0]   ; r_out[6] ;
; N/A   ; None              ; 13.873 ns       ; op_sel[0] ; r_out[6] ;
; N/A   ; None              ; 13.805 ns       ; op_sel[3] ; r_out[6] ;
; N/A   ; None              ; 13.782 ns       ; op_sel[2] ; r_out[3] ;
; N/A   ; None              ; 13.743 ns       ; a_in[2]   ; c_out    ;
; N/A   ; None              ; 13.717 ns       ; op_sel[3] ; r_out[5] ;
; N/A   ; None              ; 13.712 ns       ; op_sel[0] ; r_out[2] ;
; N/A   ; None              ; 13.652 ns       ; a_in[0]   ; v_out    ;
; N/A   ; None              ; 13.651 ns       ; op_sel[1] ; r_out[2] ;
; N/A   ; None              ; 13.612 ns       ; a_in[3]   ; c_out    ;
; N/A   ; None              ; 13.603 ns       ; op_sel[3] ; r_out[0] ;
; N/A   ; None              ; 13.594 ns       ; b_in[7]   ; c_out    ;
; N/A   ; None              ; 13.588 ns       ; op_sel[2] ; r_out[6] ;
; N/A   ; None              ; 13.567 ns       ; a_in[7]   ; c_out    ;
; N/A   ; None              ; 13.562 ns       ; a_in[5]   ; c_out    ;
; N/A   ; None              ; 13.543 ns       ; b_in[0]   ; r_out[1] ;
; N/A   ; None              ; 13.529 ns       ; b_in[0]   ; r_out[4] ;
; N/A   ; None              ; 13.513 ns       ; a_in[4]   ; c_out    ;
; N/A   ; None              ; 13.500 ns       ; op_sel[2] ; r_out[5] ;
; N/A   ; None              ; 13.500 ns       ; b_in[0]   ; r_out[2] ;
; N/A   ; None              ; 13.443 ns       ; op_sel[3] ; v_out    ;
; N/A   ; None              ; 13.435 ns       ; b_in[0]   ; r_out[7] ;
; N/A   ; None              ; 13.218 ns       ; op_sel[3] ; r_out[1] ;
; N/A   ; None              ; 13.206 ns       ; a_in[0]   ; r_out[3] ;
; N/A   ; None              ; 13.146 ns       ; a_in[0]   ; r_out[7] ;
; N/A   ; None              ; 13.125 ns       ; a_in[7]   ; r_out[0] ;
; N/A   ; None              ; 13.085 ns       ; a_in[1]   ; r_out[0] ;
; N/A   ; None              ; 13.065 ns       ; op_sel[0] ; r_out[0] ;
; N/A   ; None              ; 13.061 ns       ; op_sel[2] ; v_out    ;
; N/A   ; None              ; 13.038 ns       ; op_sel[2] ; r_out[0] ;
; N/A   ; None              ; 13.017 ns       ; a_in[0]   ; r_out[5] ;
; N/A   ; None              ; 13.001 ns       ; op_sel[2] ; r_out[1] ;
; N/A   ; None              ; 12.984 ns       ; a_in[0]   ; r_out[4] ;
; N/A   ; None              ; 12.968 ns       ; op_sel[3] ; r_out[2] ;
; N/A   ; None              ; 12.928 ns       ; a_in[5]   ; r_out[4] ;
; N/A   ; None              ; 12.751 ns       ; op_sel[2] ; r_out[2] ;
; N/A   ; None              ; 12.615 ns       ; op_sel[3] ; r_out[7] ;
; N/A   ; None              ; 12.538 ns       ; op_sel[2] ; r_out[7] ;
; N/A   ; None              ; 12.389 ns       ; a_in[7]   ; r_out[6] ;
; N/A   ; None              ; 12.366 ns       ; a_in[0]   ; r_out[1] ;
; N/A   ; None              ; 12.347 ns       ; a_in[3]   ; r_out[2] ;
; N/A   ; None              ; 12.338 ns       ; a_in[6]   ; r_out[5] ;
; N/A   ; None              ; 12.334 ns       ; a_in[0]   ; r_out[6] ;
; N/A   ; None              ; 12.095 ns       ; op_sel[0] ; c_out    ;
; N/A   ; None              ; 12.064 ns       ; op_sel[2] ; c_out    ;
; N/A   ; None              ; 12.014 ns       ; b_in[0]   ; r_out[0] ;
; N/A   ; None              ; 12.008 ns       ; a_in[0]   ; r_out[2] ;
; N/A   ; None              ; 11.916 ns       ; op_sel[1] ; v_out    ;
; N/A   ; None              ; 11.854 ns       ; a_in[4]   ; r_out[3] ;
; N/A   ; None              ; 11.729 ns       ; a_in[0]   ; r_out[0] ;
; N/A   ; None              ; 11.697 ns       ; a_in[2]   ; r_out[1] ;
; N/A   ; None              ; 11.689 ns       ; op_sel[3] ; c_out    ;
; N/A   ; None              ; 11.525 ns       ; op_sel[1] ; c_out    ;
; N/A   ; None              ; 10.881 ns       ; b_in[0]   ; c_out    ;
; N/A   ; None              ; 10.816 ns       ; op_sel[1] ; r_out[0] ;
; N/A   ; None              ; 10.754 ns       ; op_sel[1] ; r_out[7] ;
; N/A   ; None              ; 10.482 ns       ; a_in[0]   ; c_out    ;
+-------+-------------------+-----------------+-----------+----------+


+--------------------------+
; Timing Analyzer Messages ;
+--------------------------+
Info: *******************************************************************
Info: Running Quartus II Classic Timing Analyzer
    Info: Version 9.1 Build 350 03/24/2010 Service Pack 2 SJ Web Edition
    Info: Processing started: Thu May 01 13:51:46 2025
Info: Command: quartus_tan --read_settings_files=off --write_settings_files=off ALU_8x16 -c ALU_8x16 --timing_analysis_only
Info: Longest tpd from source pin "b_in[1]" to destination pin "z_out" is 20.953 ns
    Info: 1: + IC(0.000 ns) + CELL(0.840 ns) = 0.840 ns; Loc. = PIN_E18; Fanout = 7; PIN Node = 'b_in[1]'
    Info: 2: + IC(5.776 ns) + CELL(0.504 ns) = 7.120 ns; Loc. = LCCOMB_X46_Y26_N14; Fanout = 2; COMB Node = 'Add3~3'
    Info: 3: + IC(0.000 ns) + CELL(0.410 ns) = 7.530 ns; Loc. = LCCOMB_X46_Y26_N16; Fanout = 2; COMB Node = 'Add3~4'
    Info: 4: + IC(0.460 ns) + CELL(0.414 ns) = 8.404 ns; Loc. = LCCOMB_X45_Y26_N4; Fanout = 2; COMB Node = 'subc_aux[2]~5'
    Info: 5: + IC(0.000 ns) + CELL(0.410 ns) = 8.814 ns; Loc. = LCCOMB_X45_Y26_N6; Fanout = 1; COMB Node = 'subc_aux[3]~6'
    Info: 6: + IC(0.973 ns) + CELL(0.420 ns) = 10.207 ns; Loc. = LCCOMB_X47_Y25_N26; Fanout = 1; COMB Node = 'result~25'
    Info: 7: + IC(0.452 ns) + CELL(0.438 ns) = 11.097 ns; Loc. = LCCOMB_X46_Y25_N4; Fanout = 1; COMB Node = 'result~26'
    Info: 8: + IC(0.657 ns) + CELL(0.420 ns) = 12.174 ns; Loc. = LCCOMB_X45_Y25_N0; Fanout = 1; COMB Node = 'result~27'
    Info: 9: + IC(0.246 ns) + CELL(0.416 ns) = 12.836 ns; Loc. = LCCOMB_X45_Y25_N2; Fanout = 1; COMB Node = 'result~28'
    Info: 10: + IC(0.945 ns) + CELL(0.438 ns) = 14.219 ns; Loc. = LCCOMB_X44_Y26_N8; Fanout = 2; COMB Node = 'result~30'
    Info: 11: + IC(0.262 ns) + CELL(0.275 ns) = 14.756 ns; Loc. = LCCOMB_X44_Y26_N2; Fanout = 1; COMB Node = 'Equal16~0'
    Info: 12: + IC(0.474 ns) + CELL(0.436 ns) = 15.666 ns; Loc. = LCCOMB_X44_Y26_N22; Fanout = 1; COMB Node = 'Equal16~2'
    Info: 13: + IC(2.489 ns) + CELL(2.798 ns) = 20.953 ns; Loc. = PIN_AF17; Fanout = 0; PIN Node = 'z_out'
    Info: Total cell delay = 8.219 ns ( 39.23 % )
    Info: Total interconnect delay = 12.734 ns ( 60.77 % )
Info: Quartus II Classic Timing Analyzer was successful. 0 errors, 0 warnings
    Info: Peak virtual memory: 176 megabytes
    Info: Processing ended: Thu May 01 13:51:46 2025
    Info: Elapsed time: 00:00:00
    Info: Total CPU time (on all processors): 00:00:00


