Simulator report for ALU_8x16
Wed Apr 30 16:56:00 2025
Quartus II Version 9.1 Build 350 03/24/2010 Service Pack 2 SJ Web Edition


---------------------
; Table of Contents ;
---------------------
  1. Legal Notice
  2. Simulator Summary
  3. Simulator Settings
  4. Simulation Waveforms
  5. Coverage Summary
  6. Complete 1/0-Value Coverage
  7. Missing 1-Value Coverage
  8. Missing 0-Value Coverage
  9. Simulator INI Usage
 10. Simulator Messages



----------------
; Legal Notice ;
----------------
Copyright (C) 1991-2010 Altera Corporation
Your use of Altera Corporation's design tools, logic functions 
and other software and tools, and its AMPP partner logic 
functions, and any output files from any of the foregoing 
(including device programming or simulation files), and any 
associated documentation or information are expressly subject 
to the terms and conditions of the Altera Program License 
Subscription Agreement, Altera MegaCore Function License 
Agreement, or other applicable license agreement, including, 
without limitation, that your use is for the sole purpose of 
programming logic devices manufactured by Altera and sold by 
Altera or its authorized distributors.  Please refer to the 
applicable agreement for further details.



+--------------------------------------------+
; Simulator Summary                          ;
+-----------------------------+--------------+
; Type                        ; Value        ;
+-----------------------------+--------------+
; Simulation Start Time       ; 0 ps         ;
; Simulation End Time         ; 1.0 us       ;
; Simulation Netlist Size     ; 378 nodes    ;
; Simulation Coverage         ;      42.86 % ;
; Total Number of Transitions ; 785          ;
; Simulation Breakpoints      ; 0            ;
; Family                      ; Cyclone II   ;
+-----------------------------+--------------+


+-------------------------------------------------------------------------------------------------------------------------------+
; Simulator Settings                                                                                                            ;
+--------------------------------------------------------------------------------------------+------------------+---------------+
; Option                                                                                     ; Setting          ; Default Value ;
+--------------------------------------------------------------------------------------------+------------------+---------------+
; Simulation mode                                                                            ; Functional       ; Timing        ;
; Start time                                                                                 ; 0 ns             ; 0 ns          ;
; End time                                                                                   ; 10000 ns         ;               ;
; Simulation results format                                                                  ; CVWF             ;               ;
; Vector input source                                                                        ; ALU_8x16_sub.vwf ;               ;
; Add pins automatically to simulation output waveforms                                      ; On               ; On            ;
; Check outputs                                                                              ; Off              ; Off           ;
; Report simulation coverage                                                                 ; On               ; On            ;
; Display complete 1/0 value coverage report                                                 ; On               ; On            ;
; Display missing 1-value coverage report                                                    ; On               ; On            ;
; Display missing 0-value coverage report                                                    ; On               ; On            ;
; Detect setup and hold time violations                                                      ; Off              ; Off           ;
; Detect glitches                                                                            ; Off              ; Off           ;
; Disable timing delays in Timing Simulation                                                 ; Off              ; Off           ;
; Generate Signal Activity File                                                              ; Off              ; Off           ;
; Generate VCD File for PowerPlay Power Analyzer                                             ; Off              ; Off           ;
; Group bus channels in simulation results                                                   ; On               ; Off           ;
; Preserve fewer signal transitions to reduce memory requirements                            ; On               ; On            ;
; Trigger vector comparison with the specified mode                                          ; INPUT_EDGE       ; INPUT_EDGE    ;
; Disable setup and hold time violations detection in input registers of bi-directional pins ; Off              ; Off           ;
; Overwrite Waveform Inputs With Simulation Outputs                                          ; On               ;               ;
; Perform Glitch Filtering in Timing Simulation                                              ; Auto             ; Auto          ;
+--------------------------------------------------------------------------------------------+------------------+---------------+


+----------------------+
; Simulation Waveforms ;
+----------------------+
Waveform report data cannot be output to ASCII.
Please use Quartus II to view the waveform report data.


+--------------------------------------------------------------------+
; Coverage Summary                                                   ;
+-----------------------------------------------------+--------------+
; Type                                                ; Value        ;
+-----------------------------------------------------+--------------+
; Total coverage as a percentage                      ;      42.86 % ;
; Total nodes checked                                 ; 378          ;
; Total output ports checked                          ; 378          ;
; Total output ports with complete 1/0-value coverage ; 162          ;
; Total output ports with no 1/0-value coverage       ; 214          ;
; Total output ports with no 1-value coverage         ; 214          ;
; Total output ports with no 0-value coverage         ; 216          ;
+-----------------------------------------------------+--------------+


The following table displays output ports that toggle between 1 and 0 during simulation.
+--------------------------------------------------------------------+
; Complete 1/0-Value Coverage                                        ;
+------------------------+------------------------+------------------+
; Node Name              ; Output Port Name       ; Output Port Type ;
+------------------------+------------------------+------------------+
; |ALU_8x16|result~72    ; |ALU_8x16|result~72    ; out0             ;
; |ALU_8x16|result~73    ; |ALU_8x16|result~73    ; out0             ;
; |ALU_8x16|result~74    ; |ALU_8x16|result~74    ; out0             ;
; |ALU_8x16|result~88    ; |ALU_8x16|result~88    ; out0             ;
; |ALU_8x16|result~89    ; |ALU_8x16|result~89    ; out0             ;
; |ALU_8x16|result~90    ; |ALU_8x16|result~90    ; out0             ;
; |ALU_8x16|result~92    ; |ALU_8x16|result~92    ; out0             ;
; |ALU_8x16|result~93    ; |ALU_8x16|result~93    ; out0             ;
; |ALU_8x16|result~94    ; |ALU_8x16|result~94    ; out0             ;
; |ALU_8x16|result~95    ; |ALU_8x16|result~95    ; out0             ;
; |ALU_8x16|result~105   ; |ALU_8x16|result~105   ; out0             ;
; |ALU_8x16|result~106   ; |ALU_8x16|result~106   ; out0             ;
; |ALU_8x16|result~108   ; |ALU_8x16|result~108   ; out0             ;
; |ALU_8x16|result~109   ; |ALU_8x16|result~109   ; out0             ;
; |ALU_8x16|result~110   ; |ALU_8x16|result~110   ; out0             ;
; |ALU_8x16|result~111   ; |ALU_8x16|result~111   ; out0             ;
; |ALU_8x16|result~144   ; |ALU_8x16|result~144   ; out              ;
; |ALU_8x16|result~145   ; |ALU_8x16|result~145   ; out              ;
; |ALU_8x16|result~146   ; |ALU_8x16|result~146   ; out              ;
; |ALU_8x16|result~147   ; |ALU_8x16|result~147   ; out              ;
; |ALU_8x16|result~148   ; |ALU_8x16|result~148   ; out              ;
; |ALU_8x16|result~149   ; |ALU_8x16|result~149   ; out              ;
; |ALU_8x16|result~150   ; |ALU_8x16|result~150   ; out              ;
; |ALU_8x16|result~151   ; |ALU_8x16|result~151   ; out              ;
; |ALU_8x16|overflow~0   ; |ALU_8x16|overflow~0   ; out0             ;
; |ALU_8x16|overflow~4   ; |ALU_8x16|overflow~4   ; out0             ;
; |ALU_8x16|overflow~5   ; |ALU_8x16|overflow~5   ; out0             ;
; |ALU_8x16|overflow~8   ; |ALU_8x16|overflow~8   ; out0             ;
; |ALU_8x16|overflow~12  ; |ALU_8x16|overflow~12  ; out0             ;
; |ALU_8x16|carry_out~11 ; |ALU_8x16|carry_out~11 ; out0             ;
; |ALU_8x16|carry_out~12 ; |ALU_8x16|carry_out~12 ; out              ;
; |ALU_8x16|carry_out~14 ; |ALU_8x16|carry_out~14 ; out              ;
; |ALU_8x16|a_in[1]      ; |ALU_8x16|a_in[1]      ; out              ;
; |ALU_8x16|a_in[2]      ; |ALU_8x16|a_in[2]      ; out              ;
; |ALU_8x16|a_in[4]      ; |ALU_8x16|a_in[4]      ; out              ;
; |ALU_8x16|a_in[5]      ; |ALU_8x16|a_in[5]      ; out              ;
; |ALU_8x16|a_in[6]      ; |ALU_8x16|a_in[6]      ; out              ;
; |ALU_8x16|a_in[7]      ; |ALU_8x16|a_in[7]      ; out              ;
; |ALU_8x16|b_in[0]      ; |ALU_8x16|b_in[0]      ; out              ;
; |ALU_8x16|b_in[1]      ; |ALU_8x16|b_in[1]      ; out              ;
; |ALU_8x16|b_in[2]      ; |ALU_8x16|b_in[2]      ; out              ;
; |ALU_8x16|b_in[4]      ; |ALU_8x16|b_in[4]      ; out              ;
; |ALU_8x16|b_in[5]      ; |ALU_8x16|b_in[5]      ; out              ;
; |ALU_8x16|b_in[6]      ; |ALU_8x16|b_in[6]      ; out              ;
; |ALU_8x16|b_in[7]      ; |ALU_8x16|b_in[7]      ; out              ;
; |ALU_8x16|r_out[0]     ; |ALU_8x16|r_out[0]     ; pin_out          ;
; |ALU_8x16|r_out[1]     ; |ALU_8x16|r_out[1]     ; pin_out          ;
; |ALU_8x16|r_out[2]     ; |ALU_8x16|r_out[2]     ; pin_out          ;
; |ALU_8x16|r_out[3]     ; |ALU_8x16|r_out[3]     ; pin_out          ;
; |ALU_8x16|r_out[4]     ; |ALU_8x16|r_out[4]     ; pin_out          ;
; |ALU_8x16|r_out[5]     ; |ALU_8x16|r_out[5]     ; pin_out          ;
; |ALU_8x16|r_out[6]     ; |ALU_8x16|r_out[6]     ; pin_out          ;
; |ALU_8x16|r_out[7]     ; |ALU_8x16|r_out[7]     ; pin_out          ;
; |ALU_8x16|z_out        ; |ALU_8x16|z_out        ; pin_out          ;
; |ALU_8x16|c_out        ; |ALU_8x16|c_out        ; pin_out          ;
; |ALU_8x16|Add0~0       ; |ALU_8x16|Add0~0       ; out0             ;
; |ALU_8x16|Add0~1       ; |ALU_8x16|Add0~1       ; out0             ;
; |ALU_8x16|Add0~3       ; |ALU_8x16|Add0~3       ; out0             ;
; |ALU_8x16|Add0~4       ; |ALU_8x16|Add0~4       ; out0             ;
; |ALU_8x16|Add0~5       ; |ALU_8x16|Add0~5       ; out0             ;
; |ALU_8x16|Add0~6       ; |ALU_8x16|Add0~6       ; out0             ;
; |ALU_8x16|Add0~8       ; |ALU_8x16|Add0~8       ; out0             ;
; |ALU_8x16|Add0~9       ; |ALU_8x16|Add0~9       ; out0             ;
; |ALU_8x16|Add0~10      ; |ALU_8x16|Add0~10      ; out0             ;
; |ALU_8x16|Add0~11      ; |ALU_8x16|Add0~11      ; out0             ;
; |ALU_8x16|Add0~12      ; |ALU_8x16|Add0~12      ; out0             ;
; |ALU_8x16|Add0~13      ; |ALU_8x16|Add0~13      ; out0             ;
; |ALU_8x16|Add0~14      ; |ALU_8x16|Add0~14      ; out0             ;
; |ALU_8x16|Add0~17      ; |ALU_8x16|Add0~17      ; out0             ;
; |ALU_8x16|Add0~18      ; |ALU_8x16|Add0~18      ; out0             ;
; |ALU_8x16|Add0~19      ; |ALU_8x16|Add0~19      ; out0             ;
; |ALU_8x16|Add0~20      ; |ALU_8x16|Add0~20      ; out0             ;
; |ALU_8x16|Add0~22      ; |ALU_8x16|Add0~22      ; out0             ;
; |ALU_8x16|Add0~23      ; |ALU_8x16|Add0~23      ; out0             ;
; |ALU_8x16|Add0~24      ; |ALU_8x16|Add0~24      ; out0             ;
; |ALU_8x16|Add0~25      ; |ALU_8x16|Add0~25      ; out0             ;
; |ALU_8x16|Add0~27      ; |ALU_8x16|Add0~27      ; out0             ;
; |ALU_8x16|Add0~28      ; |ALU_8x16|Add0~28      ; out0             ;
; |ALU_8x16|Add0~29      ; |ALU_8x16|Add0~29      ; out0             ;
; |ALU_8x16|Add0~30      ; |ALU_8x16|Add0~30      ; out0             ;
; |ALU_8x16|Add0~32      ; |ALU_8x16|Add0~32      ; out0             ;
; |ALU_8x16|Add0~33      ; |ALU_8x16|Add0~33      ; out0             ;
; |ALU_8x16|Add0~34      ; |ALU_8x16|Add0~34      ; out0             ;
; |ALU_8x16|Add0~35      ; |ALU_8x16|Add0~35      ; out0             ;
; |ALU_8x16|Add0~37      ; |ALU_8x16|Add0~37      ; out0             ;
; |ALU_8x16|Add1~0       ; |ALU_8x16|Add1~0       ; out0             ;
; |ALU_8x16|Add1~2       ; |ALU_8x16|Add1~2       ; out0             ;
; |ALU_8x16|Add1~3       ; |ALU_8x16|Add1~3       ; out0             ;
; |ALU_8x16|Add1~5       ; |ALU_8x16|Add1~5       ; out0             ;
; |ALU_8x16|Add1~7       ; |ALU_8x16|Add1~7       ; out0             ;
; |ALU_8x16|Add1~8       ; |ALU_8x16|Add1~8       ; out0             ;
; |ALU_8x16|Add1~9       ; |ALU_8x16|Add1~9       ; out0             ;
; |ALU_8x16|Add1~10      ; |ALU_8x16|Add1~10      ; out0             ;
; |ALU_8x16|Add1~12      ; |ALU_8x16|Add1~12      ; out0             ;
; |ALU_8x16|Add1~18      ; |ALU_8x16|Add1~18      ; out0             ;
; |ALU_8x16|Add1~20      ; |ALU_8x16|Add1~20      ; out0             ;
; |ALU_8x16|Add1~22      ; |ALU_8x16|Add1~22      ; out0             ;
; |ALU_8x16|Add1~23      ; |ALU_8x16|Add1~23      ; out0             ;
; |ALU_8x16|Add1~24      ; |ALU_8x16|Add1~24      ; out0             ;
; |ALU_8x16|Add1~25      ; |ALU_8x16|Add1~25      ; out0             ;
; |ALU_8x16|Add1~26      ; |ALU_8x16|Add1~26      ; out0             ;
; |ALU_8x16|Add1~27      ; |ALU_8x16|Add1~27      ; out0             ;
; |ALU_8x16|Add1~28      ; |ALU_8x16|Add1~28      ; out0             ;
; |ALU_8x16|Add1~29      ; |ALU_8x16|Add1~29      ; out0             ;
; |ALU_8x16|Add1~30      ; |ALU_8x16|Add1~30      ; out0             ;
; |ALU_8x16|Add1~31      ; |ALU_8x16|Add1~31      ; out0             ;
; |ALU_8x16|Add1~32      ; |ALU_8x16|Add1~32      ; out0             ;
; |ALU_8x16|Add1~33      ; |ALU_8x16|Add1~33      ; out0             ;
; |ALU_8x16|Add1~34      ; |ALU_8x16|Add1~34      ; out0             ;
; |ALU_8x16|Add1~35      ; |ALU_8x16|Add1~35      ; out0             ;
; |ALU_8x16|Add1~36      ; |ALU_8x16|Add1~36      ; out0             ;
; |ALU_8x16|Add2~0       ; |ALU_8x16|Add2~0       ; out0             ;
; |ALU_8x16|Add2~2       ; |ALU_8x16|Add2~2       ; out0             ;
; |ALU_8x16|Add2~4       ; |ALU_8x16|Add2~4       ; out0             ;
; |ALU_8x16|Add2~6       ; |ALU_8x16|Add2~6       ; out0             ;
; |ALU_8x16|Add2~10      ; |ALU_8x16|Add2~10      ; out0             ;
; |ALU_8x16|Add2~12      ; |ALU_8x16|Add2~12      ; out0             ;
; |ALU_8x16|Add2~14      ; |ALU_8x16|Add2~14      ; out0             ;
; |ALU_8x16|Add2~16      ; |ALU_8x16|Add2~16      ; out0             ;
; |ALU_8x16|Add3~0       ; |ALU_8x16|Add3~0       ; out0             ;
; |ALU_8x16|Add3~2       ; |ALU_8x16|Add3~2       ; out0             ;
; |ALU_8x16|Add3~4       ; |ALU_8x16|Add3~4       ; out0             ;
; |ALU_8x16|Add3~8       ; |ALU_8x16|Add3~8       ; out0             ;
; |ALU_8x16|Add3~10      ; |ALU_8x16|Add3~10      ; out0             ;
; |ALU_8x16|Add3~12      ; |ALU_8x16|Add3~12      ; out0             ;
; |ALU_8x16|Add3~14      ; |ALU_8x16|Add3~14      ; out0             ;
; |ALU_8x16|Add4~0       ; |ALU_8x16|Add4~0       ; out0             ;
; |ALU_8x16|Add4~1       ; |ALU_8x16|Add4~1       ; out0             ;
; |ALU_8x16|Add4~3       ; |ALU_8x16|Add4~3       ; out0             ;
; |ALU_8x16|Add4~4       ; |ALU_8x16|Add4~4       ; out0             ;
; |ALU_8x16|Add4~5       ; |ALU_8x16|Add4~5       ; out0             ;
; |ALU_8x16|Add4~6       ; |ALU_8x16|Add4~6       ; out0             ;
; |ALU_8x16|Add4~8       ; |ALU_8x16|Add4~8       ; out0             ;
; |ALU_8x16|Add4~9       ; |ALU_8x16|Add4~9       ; out0             ;
; |ALU_8x16|Add4~10      ; |ALU_8x16|Add4~10      ; out0             ;
; |ALU_8x16|Add4~11      ; |ALU_8x16|Add4~11      ; out0             ;
; |ALU_8x16|Add4~12      ; |ALU_8x16|Add4~12      ; out0             ;
; |ALU_8x16|Add4~13      ; |ALU_8x16|Add4~13      ; out0             ;
; |ALU_8x16|Add4~14      ; |ALU_8x16|Add4~14      ; out0             ;
; |ALU_8x16|Add4~17      ; |ALU_8x16|Add4~17      ; out0             ;
; |ALU_8x16|Add4~18      ; |ALU_8x16|Add4~18      ; out0             ;
; |ALU_8x16|Add4~19      ; |ALU_8x16|Add4~19      ; out0             ;
; |ALU_8x16|Add4~20      ; |ALU_8x16|Add4~20      ; out0             ;
; |ALU_8x16|Add4~21      ; |ALU_8x16|Add4~21      ; out0             ;
; |ALU_8x16|Add4~22      ; |ALU_8x16|Add4~22      ; out0             ;
; |ALU_8x16|Add4~23      ; |ALU_8x16|Add4~23      ; out0             ;
; |ALU_8x16|Add4~24      ; |ALU_8x16|Add4~24      ; out0             ;
; |ALU_8x16|Add4~25      ; |ALU_8x16|Add4~25      ; out0             ;
; |ALU_8x16|Add4~26      ; |ALU_8x16|Add4~26      ; out0             ;
; |ALU_8x16|Add4~27      ; |ALU_8x16|Add4~27      ; out0             ;
; |ALU_8x16|Add4~28      ; |ALU_8x16|Add4~28      ; out0             ;
; |ALU_8x16|Add4~29      ; |ALU_8x16|Add4~29      ; out0             ;
; |ALU_8x16|Add4~30      ; |ALU_8x16|Add4~30      ; out0             ;
; |ALU_8x16|Add4~31      ; |ALU_8x16|Add4~31      ; out0             ;
; |ALU_8x16|Add4~32      ; |ALU_8x16|Add4~32      ; out0             ;
; |ALU_8x16|Add4~33      ; |ALU_8x16|Add4~33      ; out0             ;
; |ALU_8x16|Add4~34      ; |ALU_8x16|Add4~34      ; out0             ;
; |ALU_8x16|Add4~35      ; |ALU_8x16|Add4~35      ; out0             ;
; |ALU_8x16|Add4~36      ; |ALU_8x16|Add4~36      ; out0             ;
; |ALU_8x16|Add4~37      ; |ALU_8x16|Add4~37      ; out0             ;
; |ALU_8x16|Add4~38      ; |ALU_8x16|Add4~38      ; out0             ;
; |ALU_8x16|Equal16~0    ; |ALU_8x16|Equal16~0    ; out0             ;
+------------------------+------------------------+------------------+


The following table displays output ports that do not toggle to 1 during simulation.
+--------------------------------------------------------------------+
; Missing 1-Value Coverage                                           ;
+------------------------+------------------------+------------------+
; Node Name              ; Output Port Name       ; Output Port Type ;
+------------------------+------------------------+------------------+
; |ALU_8x16|result~0     ; |ALU_8x16|result~0     ; out              ;
; |ALU_8x16|result~1     ; |ALU_8x16|result~1     ; out              ;
; |ALU_8x16|result~2     ; |ALU_8x16|result~2     ; out              ;
; |ALU_8x16|result~3     ; |ALU_8x16|result~3     ; out              ;
; |ALU_8x16|result~4     ; |ALU_8x16|result~4     ; out              ;
; |ALU_8x16|result~5     ; |ALU_8x16|result~5     ; out              ;
; |ALU_8x16|result~6     ; |ALU_8x16|result~6     ; out              ;
; |ALU_8x16|result~7     ; |ALU_8x16|result~7     ; out              ;
; |ALU_8x16|result~8     ; |ALU_8x16|result~8     ; out              ;
; |ALU_8x16|result~9     ; |ALU_8x16|result~9     ; out              ;
; |ALU_8x16|result~10    ; |ALU_8x16|result~10    ; out              ;
; |ALU_8x16|result~11    ; |ALU_8x16|result~11    ; out              ;
; |ALU_8x16|result~12    ; |ALU_8x16|result~12    ; out              ;
; |ALU_8x16|result~13    ; |ALU_8x16|result~13    ; out              ;
; |ALU_8x16|result~14    ; |ALU_8x16|result~14    ; out              ;
; |ALU_8x16|result~15    ; |ALU_8x16|result~15    ; out              ;
; |ALU_8x16|result~16    ; |ALU_8x16|result~16    ; out              ;
; |ALU_8x16|result~17    ; |ALU_8x16|result~17    ; out              ;
; |ALU_8x16|result~18    ; |ALU_8x16|result~18    ; out              ;
; |ALU_8x16|result~19    ; |ALU_8x16|result~19    ; out              ;
; |ALU_8x16|result~20    ; |ALU_8x16|result~20    ; out              ;
; |ALU_8x16|result~21    ; |ALU_8x16|result~21    ; out              ;
; |ALU_8x16|result~22    ; |ALU_8x16|result~22    ; out              ;
; |ALU_8x16|result~23    ; |ALU_8x16|result~23    ; out              ;
; |ALU_8x16|result~24    ; |ALU_8x16|result~24    ; out              ;
; |ALU_8x16|result~25    ; |ALU_8x16|result~25    ; out              ;
; |ALU_8x16|result~26    ; |ALU_8x16|result~26    ; out              ;
; |ALU_8x16|result~27    ; |ALU_8x16|result~27    ; out              ;
; |ALU_8x16|result~28    ; |ALU_8x16|result~28    ; out              ;
; |ALU_8x16|result~29    ; |ALU_8x16|result~29    ; out              ;
; |ALU_8x16|result~30    ; |ALU_8x16|result~30    ; out              ;
; |ALU_8x16|result~31    ; |ALU_8x16|result~31    ; out              ;
; |ALU_8x16|result~32    ; |ALU_8x16|result~32    ; out              ;
; |ALU_8x16|result~33    ; |ALU_8x16|result~33    ; out              ;
; |ALU_8x16|result~34    ; |ALU_8x16|result~34    ; out              ;
; |ALU_8x16|result~35    ; |ALU_8x16|result~35    ; out              ;
; |ALU_8x16|result~36    ; |ALU_8x16|result~36    ; out              ;
; |ALU_8x16|result~37    ; |ALU_8x16|result~37    ; out              ;
; |ALU_8x16|result~38    ; |ALU_8x16|result~38    ; out              ;
; |ALU_8x16|result~39    ; |ALU_8x16|result~39    ; out              ;
; |ALU_8x16|result~40    ; |ALU_8x16|result~40    ; out              ;
; |ALU_8x16|result~41    ; |ALU_8x16|result~41    ; out              ;
; |ALU_8x16|result~42    ; |ALU_8x16|result~42    ; out              ;
; |ALU_8x16|result~43    ; |ALU_8x16|result~43    ; out              ;
; |ALU_8x16|result~44    ; |ALU_8x16|result~44    ; out              ;
; |ALU_8x16|result~45    ; |ALU_8x16|result~45    ; out              ;
; |ALU_8x16|result~46    ; |ALU_8x16|result~46    ; out              ;
; |ALU_8x16|result~47    ; |ALU_8x16|result~47    ; out              ;
; |ALU_8x16|result~48    ; |ALU_8x16|result~48    ; out              ;
; |ALU_8x16|result~49    ; |ALU_8x16|result~49    ; out              ;
; |ALU_8x16|result~50    ; |ALU_8x16|result~50    ; out              ;
; |ALU_8x16|result~51    ; |ALU_8x16|result~51    ; out              ;
; |ALU_8x16|result~52    ; |ALU_8x16|result~52    ; out              ;
; |ALU_8x16|result~53    ; |ALU_8x16|result~53    ; out              ;
; |ALU_8x16|result~54    ; |ALU_8x16|result~54    ; out              ;
; |ALU_8x16|result~55    ; |ALU_8x16|result~55    ; out              ;
; |ALU_8x16|result~56    ; |ALU_8x16|result~56    ; out              ;
; |ALU_8x16|result~57    ; |ALU_8x16|result~57    ; out              ;
; |ALU_8x16|result~58    ; |ALU_8x16|result~58    ; out              ;
; |ALU_8x16|result~59    ; |ALU_8x16|result~59    ; out              ;
; |ALU_8x16|result~60    ; |ALU_8x16|result~60    ; out              ;
; |ALU_8x16|result~61    ; |ALU_8x16|result~61    ; out              ;
; |ALU_8x16|result~62    ; |ALU_8x16|result~62    ; out              ;
; |ALU_8x16|result~63    ; |ALU_8x16|result~63    ; out              ;
; |ALU_8x16|result~64    ; |ALU_8x16|result~64    ; out              ;
; |ALU_8x16|result~65    ; |ALU_8x16|result~65    ; out              ;
; |ALU_8x16|result~66    ; |ALU_8x16|result~66    ; out              ;
; |ALU_8x16|result~67    ; |ALU_8x16|result~67    ; out              ;
; |ALU_8x16|result~68    ; |ALU_8x16|result~68    ; out              ;
; |ALU_8x16|result~69    ; |ALU_8x16|result~69    ; out              ;
; |ALU_8x16|result~70    ; |ALU_8x16|result~70    ; out              ;
; |ALU_8x16|result~71    ; |ALU_8x16|result~71    ; out              ;
; |ALU_8x16|result~75    ; |ALU_8x16|result~75    ; out0             ;
; |ALU_8x16|result~76    ; |ALU_8x16|result~76    ; out0             ;
; |ALU_8x16|result~77    ; |ALU_8x16|result~77    ; out0             ;
; |ALU_8x16|result~78    ; |ALU_8x16|result~78    ; out0             ;
; |ALU_8x16|result~79    ; |ALU_8x16|result~79    ; out0             ;
; |ALU_8x16|result~80    ; |ALU_8x16|result~80    ; out              ;
; |ALU_8x16|result~81    ; |ALU_8x16|result~81    ; out              ;
; |ALU_8x16|result~82    ; |ALU_8x16|result~82    ; out              ;
; |ALU_8x16|result~83    ; |ALU_8x16|result~83    ; out              ;
; |ALU_8x16|result~84    ; |ALU_8x16|result~84    ; out              ;
; |ALU_8x16|result~85    ; |ALU_8x16|result~85    ; out              ;
; |ALU_8x16|result~86    ; |ALU_8x16|result~86    ; out              ;
; |ALU_8x16|result~87    ; |ALU_8x16|result~87    ; out              ;
; |ALU_8x16|result~91    ; |ALU_8x16|result~91    ; out0             ;
; |ALU_8x16|result~96    ; |ALU_8x16|result~96    ; out              ;
; |ALU_8x16|result~97    ; |ALU_8x16|result~97    ; out              ;
; |ALU_8x16|result~98    ; |ALU_8x16|result~98    ; out              ;
; |ALU_8x16|result~99    ; |ALU_8x16|result~99    ; out              ;
; |ALU_8x16|result~100   ; |ALU_8x16|result~100   ; out              ;
; |ALU_8x16|result~101   ; |ALU_8x16|result~101   ; out              ;
; |ALU_8x16|result~102   ; |ALU_8x16|result~102   ; out              ;
; |ALU_8x16|result~103   ; |ALU_8x16|result~103   ; out              ;
; |ALU_8x16|result~104   ; |ALU_8x16|result~104   ; out0             ;
; |ALU_8x16|result~107   ; |ALU_8x16|result~107   ; out0             ;
; |ALU_8x16|result~112   ; |ALU_8x16|result~112   ; out              ;
; |ALU_8x16|result~113   ; |ALU_8x16|result~113   ; out              ;
; |ALU_8x16|result~114   ; |ALU_8x16|result~114   ; out              ;
; |ALU_8x16|result~115   ; |ALU_8x16|result~115   ; out              ;
; |ALU_8x16|result~116   ; |ALU_8x16|result~116   ; out              ;
; |ALU_8x16|result~117   ; |ALU_8x16|result~117   ; out              ;
; |ALU_8x16|result~118   ; |ALU_8x16|result~118   ; out              ;
; |ALU_8x16|result~119   ; |ALU_8x16|result~119   ; out              ;
; |ALU_8x16|result~120   ; |ALU_8x16|result~120   ; out              ;
; |ALU_8x16|result~121   ; |ALU_8x16|result~121   ; out              ;
; |ALU_8x16|result~122   ; |ALU_8x16|result~122   ; out              ;
; |ALU_8x16|result~123   ; |ALU_8x16|result~123   ; out              ;
; |ALU_8x16|result~124   ; |ALU_8x16|result~124   ; out              ;
; |ALU_8x16|result~125   ; |ALU_8x16|result~125   ; out              ;
; |ALU_8x16|result~126   ; |ALU_8x16|result~126   ; out              ;
; |ALU_8x16|result~127   ; |ALU_8x16|result~127   ; out              ;
; |ALU_8x16|result~128   ; |ALU_8x16|result~128   ; out              ;
; |ALU_8x16|result~129   ; |ALU_8x16|result~129   ; out              ;
; |ALU_8x16|result~130   ; |ALU_8x16|result~130   ; out              ;
; |ALU_8x16|result~131   ; |ALU_8x16|result~131   ; out              ;
; |ALU_8x16|result~132   ; |ALU_8x16|result~132   ; out              ;
; |ALU_8x16|result~133   ; |ALU_8x16|result~133   ; out              ;
; |ALU_8x16|result~134   ; |ALU_8x16|result~134   ; out              ;
; |ALU_8x16|result~135   ; |ALU_8x16|result~135   ; out              ;
; |ALU_8x16|result~136   ; |ALU_8x16|result~136   ; out              ;
; |ALU_8x16|result~137   ; |ALU_8x16|result~137   ; out              ;
; |ALU_8x16|result~138   ; |ALU_8x16|result~138   ; out              ;
; |ALU_8x16|result~139   ; |ALU_8x16|result~139   ; out              ;
; |ALU_8x16|result~140   ; |ALU_8x16|result~140   ; out              ;
; |ALU_8x16|result~141   ; |ALU_8x16|result~141   ; out              ;
; |ALU_8x16|result~142   ; |ALU_8x16|result~142   ; out              ;
; |ALU_8x16|result~143   ; |ALU_8x16|result~143   ; out              ;
; |ALU_8x16|overflow~1   ; |ALU_8x16|overflow~1   ; out0             ;
; |ALU_8x16|overflow~2   ; |ALU_8x16|overflow~2   ; out0             ;
; |ALU_8x16|overflow~3   ; |ALU_8x16|overflow~3   ; out0             ;
; |ALU_8x16|overflow~6   ; |ALU_8x16|overflow~6   ; out0             ;
; |ALU_8x16|overflow~7   ; |ALU_8x16|overflow~7   ; out              ;
; |ALU_8x16|overflow~9   ; |ALU_8x16|overflow~9   ; out0             ;
; |ALU_8x16|overflow~10  ; |ALU_8x16|overflow~10  ; out0             ;
; |ALU_8x16|overflow~11  ; |ALU_8x16|overflow~11  ; out              ;
; |ALU_8x16|overflow~13  ; |ALU_8x16|overflow~13  ; out0             ;
; |ALU_8x16|overflow~14  ; |ALU_8x16|overflow~14  ; out              ;
; |ALU_8x16|carry_out~0  ; |ALU_8x16|carry_out~0  ; out              ;
; |ALU_8x16|carry_out~1  ; |ALU_8x16|carry_out~1  ; out              ;
; |ALU_8x16|carry_out~2  ; |ALU_8x16|carry_out~2  ; out              ;
; |ALU_8x16|carry_out~3  ; |ALU_8x16|carry_out~3  ; out              ;
; |ALU_8x16|carry_out~4  ; |ALU_8x16|carry_out~4  ; out              ;
; |ALU_8x16|carry_out~5  ; |ALU_8x16|carry_out~5  ; out              ;
; |ALU_8x16|carry_out~6  ; |ALU_8x16|carry_out~6  ; out              ;
; |ALU_8x16|carry_out~7  ; |ALU_8x16|carry_out~7  ; out0             ;
; |ALU_8x16|carry_out~8  ; |ALU_8x16|carry_out~8  ; out              ;
; |ALU_8x16|carry_out~9  ; |ALU_8x16|carry_out~9  ; out0             ;
; |ALU_8x16|carry_out~10 ; |ALU_8x16|carry_out~10 ; out              ;
; |ALU_8x16|carry_out~13 ; |ALU_8x16|carry_out~13 ; out0             ;
; |ALU_8x16|a_in[0]      ; |ALU_8x16|a_in[0]      ; out              ;
; |ALU_8x16|a_in[3]      ; |ALU_8x16|a_in[3]      ; out              ;
; |ALU_8x16|b_in[3]      ; |ALU_8x16|b_in[3]      ; out              ;
; |ALU_8x16|c_in         ; |ALU_8x16|c_in         ; out              ;
; |ALU_8x16|op_sel[0]    ; |ALU_8x16|op_sel[0]    ; out              ;
; |ALU_8x16|op_sel[1]    ; |ALU_8x16|op_sel[1]    ; out              ;
; |ALU_8x16|op_sel[2]    ; |ALU_8x16|op_sel[2]    ; out              ;
; |ALU_8x16|op_sel[3]    ; |ALU_8x16|op_sel[3]    ; out              ;
; |ALU_8x16|v_out        ; |ALU_8x16|v_out        ; pin_out          ;
; |ALU_8x16|Add0~2       ; |ALU_8x16|Add0~2       ; out0             ;
; |ALU_8x16|Add0~15      ; |ALU_8x16|Add0~15      ; out0             ;
; |ALU_8x16|Add0~16      ; |ALU_8x16|Add0~16      ; out0             ;
; |ALU_8x16|Add0~21      ; |ALU_8x16|Add0~21      ; out0             ;
; |ALU_8x16|Add0~26      ; |ALU_8x16|Add0~26      ; out0             ;
; |ALU_8x16|Add0~31      ; |ALU_8x16|Add0~31      ; out0             ;
; |ALU_8x16|Add0~36      ; |ALU_8x16|Add0~36      ; out0             ;
; |ALU_8x16|Add1~1       ; |ALU_8x16|Add1~1       ; out0             ;
; |ALU_8x16|Add1~4       ; |ALU_8x16|Add1~4       ; out0             ;
; |ALU_8x16|Add1~6       ; |ALU_8x16|Add1~6       ; out0             ;
; |ALU_8x16|Add1~11      ; |ALU_8x16|Add1~11      ; out0             ;
; |ALU_8x16|Add1~13      ; |ALU_8x16|Add1~13      ; out0             ;
; |ALU_8x16|Add1~14      ; |ALU_8x16|Add1~14      ; out0             ;
; |ALU_8x16|Add1~15      ; |ALU_8x16|Add1~15      ; out0             ;
; |ALU_8x16|Add1~16      ; |ALU_8x16|Add1~16      ; out0             ;
; |ALU_8x16|Add1~17      ; |ALU_8x16|Add1~17      ; out0             ;
; |ALU_8x16|Add1~19      ; |ALU_8x16|Add1~19      ; out0             ;
; |ALU_8x16|Add1~21      ; |ALU_8x16|Add1~21      ; out0             ;
; |ALU_8x16|Add2~1       ; |ALU_8x16|Add2~1       ; out0             ;
; |ALU_8x16|Add2~3       ; |ALU_8x16|Add2~3       ; out0             ;
; |ALU_8x16|Add2~5       ; |ALU_8x16|Add2~5       ; out0             ;
; |ALU_8x16|Add2~7       ; |ALU_8x16|Add2~7       ; out0             ;
; |ALU_8x16|Add2~8       ; |ALU_8x16|Add2~8       ; out0             ;
; |ALU_8x16|Add2~9       ; |ALU_8x16|Add2~9       ; out0             ;
; |ALU_8x16|Add2~11      ; |ALU_8x16|Add2~11      ; out0             ;
; |ALU_8x16|Add2~13      ; |ALU_8x16|Add2~13      ; out0             ;
; |ALU_8x16|Add2~15      ; |ALU_8x16|Add2~15      ; out0             ;
; |ALU_8x16|Add3~1       ; |ALU_8x16|Add3~1       ; out0             ;
; |ALU_8x16|Add3~3       ; |ALU_8x16|Add3~3       ; out0             ;
; |ALU_8x16|Add3~5       ; |ALU_8x16|Add3~5       ; out0             ;
; |ALU_8x16|Add3~6       ; |ALU_8x16|Add3~6       ; out0             ;
; |ALU_8x16|Add3~7       ; |ALU_8x16|Add3~7       ; out0             ;
; |ALU_8x16|Add3~9       ; |ALU_8x16|Add3~9       ; out0             ;
; |ALU_8x16|Add3~11      ; |ALU_8x16|Add3~11      ; out0             ;
; |ALU_8x16|Add3~13      ; |ALU_8x16|Add3~13      ; out0             ;
; |ALU_8x16|Add3~15      ; |ALU_8x16|Add3~15      ; out0             ;
; |ALU_8x16|Add4~2       ; |ALU_8x16|Add4~2       ; out0             ;
; |ALU_8x16|Add4~15      ; |ALU_8x16|Add4~15      ; out0             ;
; |ALU_8x16|Add4~16      ; |ALU_8x16|Add4~16      ; out0             ;
; |ALU_8x16|Equal0~0     ; |ALU_8x16|Equal0~0     ; out0             ;
; |ALU_8x16|Equal1~0     ; |ALU_8x16|Equal1~0     ; out0             ;
; |ALU_8x16|Equal2~0     ; |ALU_8x16|Equal2~0     ; out0             ;
; |ALU_8x16|Equal3~0     ; |ALU_8x16|Equal3~0     ; out0             ;
; |ALU_8x16|Equal4~0     ; |ALU_8x16|Equal4~0     ; out0             ;
; |ALU_8x16|Equal5~0     ; |ALU_8x16|Equal5~0     ; out0             ;
; |ALU_8x16|Equal6~0     ; |ALU_8x16|Equal6~0     ; out0             ;
; |ALU_8x16|Equal7~0     ; |ALU_8x16|Equal7~0     ; out0             ;
; |ALU_8x16|Equal8~0     ; |ALU_8x16|Equal8~0     ; out0             ;
; |ALU_8x16|Equal9~0     ; |ALU_8x16|Equal9~0     ; out0             ;
; |ALU_8x16|Equal10~0    ; |ALU_8x16|Equal10~0    ; out0             ;
; |ALU_8x16|Equal11~0    ; |ALU_8x16|Equal11~0    ; out0             ;
; |ALU_8x16|Equal12~0    ; |ALU_8x16|Equal12~0    ; out0             ;
; |ALU_8x16|Equal13~0    ; |ALU_8x16|Equal13~0    ; out0             ;
; |ALU_8x16|Equal14~0    ; |ALU_8x16|Equal14~0    ; out0             ;
; |ALU_8x16|Equal15~0    ; |ALU_8x16|Equal15~0    ; out0             ;
+------------------------+------------------------+------------------+


The following table displays output ports that do not toggle to 0 during simulation.
+--------------------------------------------------------------------+
; Missing 0-Value Coverage                                           ;
+------------------------+------------------------+------------------+
; Node Name              ; Output Port Name       ; Output Port Type ;
+------------------------+------------------------+------------------+
; |ALU_8x16|result~0     ; |ALU_8x16|result~0     ; out              ;
; |ALU_8x16|result~1     ; |ALU_8x16|result~1     ; out              ;
; |ALU_8x16|result~2     ; |ALU_8x16|result~2     ; out              ;
; |ALU_8x16|result~3     ; |ALU_8x16|result~3     ; out              ;
; |ALU_8x16|result~4     ; |ALU_8x16|result~4     ; out              ;
; |ALU_8x16|result~5     ; |ALU_8x16|result~5     ; out              ;
; |ALU_8x16|result~6     ; |ALU_8x16|result~6     ; out              ;
; |ALU_8x16|result~7     ; |ALU_8x16|result~7     ; out              ;
; |ALU_8x16|result~8     ; |ALU_8x16|result~8     ; out              ;
; |ALU_8x16|result~9     ; |ALU_8x16|result~9     ; out              ;
; |ALU_8x16|result~10    ; |ALU_8x16|result~10    ; out              ;
; |ALU_8x16|result~11    ; |ALU_8x16|result~11    ; out              ;
; |ALU_8x16|result~12    ; |ALU_8x16|result~12    ; out              ;
; |ALU_8x16|result~13    ; |ALU_8x16|result~13    ; out              ;
; |ALU_8x16|result~14    ; |ALU_8x16|result~14    ; out              ;
; |ALU_8x16|result~15    ; |ALU_8x16|result~15    ; out              ;
; |ALU_8x16|result~16    ; |ALU_8x16|result~16    ; out              ;
; |ALU_8x16|result~17    ; |ALU_8x16|result~17    ; out              ;
; |ALU_8x16|result~18    ; |ALU_8x16|result~18    ; out              ;
; |ALU_8x16|result~19    ; |ALU_8x16|result~19    ; out              ;
; |ALU_8x16|result~20    ; |ALU_8x16|result~20    ; out              ;
; |ALU_8x16|result~21    ; |ALU_8x16|result~21    ; out              ;
; |ALU_8x16|result~22    ; |ALU_8x16|result~22    ; out              ;
; |ALU_8x16|result~23    ; |ALU_8x16|result~23    ; out              ;
; |ALU_8x16|result~24    ; |ALU_8x16|result~24    ; out              ;
; |ALU_8x16|result~25    ; |ALU_8x16|result~25    ; out              ;
; |ALU_8x16|result~26    ; |ALU_8x16|result~26    ; out              ;
; |ALU_8x16|result~27    ; |ALU_8x16|result~27    ; out              ;
; |ALU_8x16|result~28    ; |ALU_8x16|result~28    ; out              ;
; |ALU_8x16|result~29    ; |ALU_8x16|result~29    ; out              ;
; |ALU_8x16|result~30    ; |ALU_8x16|result~30    ; out              ;
; |ALU_8x16|result~31    ; |ALU_8x16|result~31    ; out              ;
; |ALU_8x16|result~32    ; |ALU_8x16|result~32    ; out              ;
; |ALU_8x16|result~33    ; |ALU_8x16|result~33    ; out              ;
; |ALU_8x16|result~34    ; |ALU_8x16|result~34    ; out              ;
; |ALU_8x16|result~35    ; |ALU_8x16|result~35    ; out              ;
; |ALU_8x16|result~36    ; |ALU_8x16|result~36    ; out              ;
; |ALU_8x16|result~37    ; |ALU_8x16|result~37    ; out              ;
; |ALU_8x16|result~38    ; |ALU_8x16|result~38    ; out              ;
; |ALU_8x16|result~39    ; |ALU_8x16|result~39    ; out              ;
; |ALU_8x16|result~40    ; |ALU_8x16|result~40    ; out              ;
; |ALU_8x16|result~41    ; |ALU_8x16|result~41    ; out              ;
; |ALU_8x16|result~42    ; |ALU_8x16|result~42    ; out              ;
; |ALU_8x16|result~43    ; |ALU_8x16|result~43    ; out              ;
; |ALU_8x16|result~44    ; |ALU_8x16|result~44    ; out              ;
; |ALU_8x16|result~45    ; |ALU_8x16|result~45    ; out              ;
; |ALU_8x16|result~46    ; |ALU_8x16|result~46    ; out              ;
; |ALU_8x16|result~47    ; |ALU_8x16|result~47    ; out              ;
; |ALU_8x16|result~48    ; |ALU_8x16|result~48    ; out              ;
; |ALU_8x16|result~49    ; |ALU_8x16|result~49    ; out              ;
; |ALU_8x16|result~50    ; |ALU_8x16|result~50    ; out              ;
; |ALU_8x16|result~51    ; |ALU_8x16|result~51    ; out              ;
; |ALU_8x16|result~52    ; |ALU_8x16|result~52    ; out              ;
; |ALU_8x16|result~53    ; |ALU_8x16|result~53    ; out              ;
; |ALU_8x16|result~54    ; |ALU_8x16|result~54    ; out              ;
; |ALU_8x16|result~55    ; |ALU_8x16|result~55    ; out              ;
; |ALU_8x16|result~56    ; |ALU_8x16|result~56    ; out              ;
; |ALU_8x16|result~57    ; |ALU_8x16|result~57    ; out              ;
; |ALU_8x16|result~58    ; |ALU_8x16|result~58    ; out              ;
; |ALU_8x16|result~59    ; |ALU_8x16|result~59    ; out              ;
; |ALU_8x16|result~60    ; |ALU_8x16|result~60    ; out              ;
; |ALU_8x16|result~61    ; |ALU_8x16|result~61    ; out              ;
; |ALU_8x16|result~62    ; |ALU_8x16|result~62    ; out              ;
; |ALU_8x16|result~63    ; |ALU_8x16|result~63    ; out              ;
; |ALU_8x16|result~64    ; |ALU_8x16|result~64    ; out              ;
; |ALU_8x16|result~65    ; |ALU_8x16|result~65    ; out              ;
; |ALU_8x16|result~66    ; |ALU_8x16|result~66    ; out              ;
; |ALU_8x16|result~67    ; |ALU_8x16|result~67    ; out              ;
; |ALU_8x16|result~68    ; |ALU_8x16|result~68    ; out              ;
; |ALU_8x16|result~69    ; |ALU_8x16|result~69    ; out              ;
; |ALU_8x16|result~70    ; |ALU_8x16|result~70    ; out              ;
; |ALU_8x16|result~71    ; |ALU_8x16|result~71    ; out              ;
; |ALU_8x16|result~75    ; |ALU_8x16|result~75    ; out0             ;
; |ALU_8x16|result~76    ; |ALU_8x16|result~76    ; out0             ;
; |ALU_8x16|result~77    ; |ALU_8x16|result~77    ; out0             ;
; |ALU_8x16|result~78    ; |ALU_8x16|result~78    ; out0             ;
; |ALU_8x16|result~79    ; |ALU_8x16|result~79    ; out0             ;
; |ALU_8x16|result~80    ; |ALU_8x16|result~80    ; out              ;
; |ALU_8x16|result~81    ; |ALU_8x16|result~81    ; out              ;
; |ALU_8x16|result~82    ; |ALU_8x16|result~82    ; out              ;
; |ALU_8x16|result~83    ; |ALU_8x16|result~83    ; out              ;
; |ALU_8x16|result~84    ; |ALU_8x16|result~84    ; out              ;
; |ALU_8x16|result~85    ; |ALU_8x16|result~85    ; out              ;
; |ALU_8x16|result~86    ; |ALU_8x16|result~86    ; out              ;
; |ALU_8x16|result~87    ; |ALU_8x16|result~87    ; out              ;
; |ALU_8x16|result~91    ; |ALU_8x16|result~91    ; out0             ;
; |ALU_8x16|result~96    ; |ALU_8x16|result~96    ; out              ;
; |ALU_8x16|result~97    ; |ALU_8x16|result~97    ; out              ;
; |ALU_8x16|result~98    ; |ALU_8x16|result~98    ; out              ;
; |ALU_8x16|result~99    ; |ALU_8x16|result~99    ; out              ;
; |ALU_8x16|result~100   ; |ALU_8x16|result~100   ; out              ;
; |ALU_8x16|result~101   ; |ALU_8x16|result~101   ; out              ;
; |ALU_8x16|result~102   ; |ALU_8x16|result~102   ; out              ;
; |ALU_8x16|result~103   ; |ALU_8x16|result~103   ; out              ;
; |ALU_8x16|result~104   ; |ALU_8x16|result~104   ; out0             ;
; |ALU_8x16|result~107   ; |ALU_8x16|result~107   ; out0             ;
; |ALU_8x16|result~112   ; |ALU_8x16|result~112   ; out              ;
; |ALU_8x16|result~113   ; |ALU_8x16|result~113   ; out              ;
; |ALU_8x16|result~114   ; |ALU_8x16|result~114   ; out              ;
; |ALU_8x16|result~115   ; |ALU_8x16|result~115   ; out              ;
; |ALU_8x16|result~116   ; |ALU_8x16|result~116   ; out              ;
; |ALU_8x16|result~117   ; |ALU_8x16|result~117   ; out              ;
; |ALU_8x16|result~118   ; |ALU_8x16|result~118   ; out              ;
; |ALU_8x16|result~119   ; |ALU_8x16|result~119   ; out              ;
; |ALU_8x16|result~120   ; |ALU_8x16|result~120   ; out              ;
; |ALU_8x16|result~121   ; |ALU_8x16|result~121   ; out              ;
; |ALU_8x16|result~122   ; |ALU_8x16|result~122   ; out              ;
; |ALU_8x16|result~123   ; |ALU_8x16|result~123   ; out              ;
; |ALU_8x16|result~124   ; |ALU_8x16|result~124   ; out              ;
; |ALU_8x16|result~125   ; |ALU_8x16|result~125   ; out              ;
; |ALU_8x16|result~126   ; |ALU_8x16|result~126   ; out              ;
; |ALU_8x16|result~127   ; |ALU_8x16|result~127   ; out              ;
; |ALU_8x16|result~128   ; |ALU_8x16|result~128   ; out              ;
; |ALU_8x16|result~129   ; |ALU_8x16|result~129   ; out              ;
; |ALU_8x16|result~130   ; |ALU_8x16|result~130   ; out              ;
; |ALU_8x16|result~131   ; |ALU_8x16|result~131   ; out              ;
; |ALU_8x16|result~132   ; |ALU_8x16|result~132   ; out              ;
; |ALU_8x16|result~133   ; |ALU_8x16|result~133   ; out              ;
; |ALU_8x16|result~134   ; |ALU_8x16|result~134   ; out              ;
; |ALU_8x16|result~135   ; |ALU_8x16|result~135   ; out              ;
; |ALU_8x16|result~136   ; |ALU_8x16|result~136   ; out              ;
; |ALU_8x16|result~137   ; |ALU_8x16|result~137   ; out              ;
; |ALU_8x16|result~138   ; |ALU_8x16|result~138   ; out              ;
; |ALU_8x16|result~139   ; |ALU_8x16|result~139   ; out              ;
; |ALU_8x16|result~140   ; |ALU_8x16|result~140   ; out              ;
; |ALU_8x16|result~141   ; |ALU_8x16|result~141   ; out              ;
; |ALU_8x16|result~142   ; |ALU_8x16|result~142   ; out              ;
; |ALU_8x16|result~143   ; |ALU_8x16|result~143   ; out              ;
; |ALU_8x16|overflow~1   ; |ALU_8x16|overflow~1   ; out0             ;
; |ALU_8x16|overflow~2   ; |ALU_8x16|overflow~2   ; out0             ;
; |ALU_8x16|overflow~3   ; |ALU_8x16|overflow~3   ; out0             ;
; |ALU_8x16|overflow~6   ; |ALU_8x16|overflow~6   ; out0             ;
; |ALU_8x16|overflow~7   ; |ALU_8x16|overflow~7   ; out              ;
; |ALU_8x16|overflow~9   ; |ALU_8x16|overflow~9   ; out0             ;
; |ALU_8x16|overflow~10  ; |ALU_8x16|overflow~10  ; out0             ;
; |ALU_8x16|overflow~11  ; |ALU_8x16|overflow~11  ; out              ;
; |ALU_8x16|overflow~13  ; |ALU_8x16|overflow~13  ; out0             ;
; |ALU_8x16|overflow~14  ; |ALU_8x16|overflow~14  ; out              ;
; |ALU_8x16|carry_out~0  ; |ALU_8x16|carry_out~0  ; out              ;
; |ALU_8x16|carry_out~1  ; |ALU_8x16|carry_out~1  ; out              ;
; |ALU_8x16|carry_out~2  ; |ALU_8x16|carry_out~2  ; out              ;
; |ALU_8x16|carry_out~3  ; |ALU_8x16|carry_out~3  ; out              ;
; |ALU_8x16|carry_out~4  ; |ALU_8x16|carry_out~4  ; out              ;
; |ALU_8x16|carry_out~5  ; |ALU_8x16|carry_out~5  ; out              ;
; |ALU_8x16|carry_out~6  ; |ALU_8x16|carry_out~6  ; out              ;
; |ALU_8x16|carry_out~7  ; |ALU_8x16|carry_out~7  ; out0             ;
; |ALU_8x16|carry_out~8  ; |ALU_8x16|carry_out~8  ; out              ;
; |ALU_8x16|carry_out~9  ; |ALU_8x16|carry_out~9  ; out0             ;
; |ALU_8x16|carry_out~10 ; |ALU_8x16|carry_out~10 ; out              ;
; |ALU_8x16|carry_out~13 ; |ALU_8x16|carry_out~13 ; out0             ;
; |ALU_8x16|a_in[0]      ; |ALU_8x16|a_in[0]      ; out              ;
; |ALU_8x16|a_in[3]      ; |ALU_8x16|a_in[3]      ; out              ;
; |ALU_8x16|b_in[3]      ; |ALU_8x16|b_in[3]      ; out              ;
; |ALU_8x16|c_in         ; |ALU_8x16|c_in         ; out              ;
; |ALU_8x16|op_sel[0]    ; |ALU_8x16|op_sel[0]    ; out              ;
; |ALU_8x16|op_sel[1]    ; |ALU_8x16|op_sel[1]    ; out              ;
; |ALU_8x16|op_sel[2]    ; |ALU_8x16|op_sel[2]    ; out              ;
; |ALU_8x16|op_sel[3]    ; |ALU_8x16|op_sel[3]    ; out              ;
; |ALU_8x16|v_out        ; |ALU_8x16|v_out        ; pin_out          ;
; |ALU_8x16|Add0~2       ; |ALU_8x16|Add0~2       ; out0             ;
; |ALU_8x16|Add0~7       ; |ALU_8x16|Add0~7       ; out0             ;
; |ALU_8x16|Add0~15      ; |ALU_8x16|Add0~15      ; out0             ;
; |ALU_8x16|Add0~16      ; |ALU_8x16|Add0~16      ; out0             ;
; |ALU_8x16|Add0~21      ; |ALU_8x16|Add0~21      ; out0             ;
; |ALU_8x16|Add0~26      ; |ALU_8x16|Add0~26      ; out0             ;
; |ALU_8x16|Add0~31      ; |ALU_8x16|Add0~31      ; out0             ;
; |ALU_8x16|Add0~36      ; |ALU_8x16|Add0~36      ; out0             ;
; |ALU_8x16|Add1~1       ; |ALU_8x16|Add1~1       ; out0             ;
; |ALU_8x16|Add1~4       ; |ALU_8x16|Add1~4       ; out0             ;
; |ALU_8x16|Add1~6       ; |ALU_8x16|Add1~6       ; out0             ;
; |ALU_8x16|Add1~11      ; |ALU_8x16|Add1~11      ; out0             ;
; |ALU_8x16|Add1~13      ; |ALU_8x16|Add1~13      ; out0             ;
; |ALU_8x16|Add1~14      ; |ALU_8x16|Add1~14      ; out0             ;
; |ALU_8x16|Add1~15      ; |ALU_8x16|Add1~15      ; out0             ;
; |ALU_8x16|Add1~16      ; |ALU_8x16|Add1~16      ; out0             ;
; |ALU_8x16|Add1~17      ; |ALU_8x16|Add1~17      ; out0             ;
; |ALU_8x16|Add1~19      ; |ALU_8x16|Add1~19      ; out0             ;
; |ALU_8x16|Add1~21      ; |ALU_8x16|Add1~21      ; out0             ;
; |ALU_8x16|Add2~1       ; |ALU_8x16|Add2~1       ; out0             ;
; |ALU_8x16|Add2~3       ; |ALU_8x16|Add2~3       ; out0             ;
; |ALU_8x16|Add2~5       ; |ALU_8x16|Add2~5       ; out0             ;
; |ALU_8x16|Add2~7       ; |ALU_8x16|Add2~7       ; out0             ;
; |ALU_8x16|Add2~8       ; |ALU_8x16|Add2~8       ; out0             ;
; |ALU_8x16|Add2~9       ; |ALU_8x16|Add2~9       ; out0             ;
; |ALU_8x16|Add2~11      ; |ALU_8x16|Add2~11      ; out0             ;
; |ALU_8x16|Add2~13      ; |ALU_8x16|Add2~13      ; out0             ;
; |ALU_8x16|Add2~15      ; |ALU_8x16|Add2~15      ; out0             ;
; |ALU_8x16|Add3~1       ; |ALU_8x16|Add3~1       ; out0             ;
; |ALU_8x16|Add3~3       ; |ALU_8x16|Add3~3       ; out0             ;
; |ALU_8x16|Add3~5       ; |ALU_8x16|Add3~5       ; out0             ;
; |ALU_8x16|Add3~6       ; |ALU_8x16|Add3~6       ; out0             ;
; |ALU_8x16|Add3~7       ; |ALU_8x16|Add3~7       ; out0             ;
; |ALU_8x16|Add3~9       ; |ALU_8x16|Add3~9       ; out0             ;
; |ALU_8x16|Add3~11      ; |ALU_8x16|Add3~11      ; out0             ;
; |ALU_8x16|Add3~13      ; |ALU_8x16|Add3~13      ; out0             ;
; |ALU_8x16|Add3~15      ; |ALU_8x16|Add3~15      ; out0             ;
; |ALU_8x16|Add4~2       ; |ALU_8x16|Add4~2       ; out0             ;
; |ALU_8x16|Add4~7       ; |ALU_8x16|Add4~7       ; out0             ;
; |ALU_8x16|Add4~15      ; |ALU_8x16|Add4~15      ; out0             ;
; |ALU_8x16|Add4~16      ; |ALU_8x16|Add4~16      ; out0             ;
; |ALU_8x16|Equal0~0     ; |ALU_8x16|Equal0~0     ; out0             ;
; |ALU_8x16|Equal1~0     ; |ALU_8x16|Equal1~0     ; out0             ;
; |ALU_8x16|Equal2~0     ; |ALU_8x16|Equal2~0     ; out0             ;
; |ALU_8x16|Equal3~0     ; |ALU_8x16|Equal3~0     ; out0             ;
; |ALU_8x16|Equal4~0     ; |ALU_8x16|Equal4~0     ; out0             ;
; |ALU_8x16|Equal5~0     ; |ALU_8x16|Equal5~0     ; out0             ;
; |ALU_8x16|Equal6~0     ; |ALU_8x16|Equal6~0     ; out0             ;
; |ALU_8x16|Equal7~0     ; |ALU_8x16|Equal7~0     ; out0             ;
; |ALU_8x16|Equal8~0     ; |ALU_8x16|Equal8~0     ; out0             ;
; |ALU_8x16|Equal9~0     ; |ALU_8x16|Equal9~0     ; out0             ;
; |ALU_8x16|Equal10~0    ; |ALU_8x16|Equal10~0    ; out0             ;
; |ALU_8x16|Equal11~0    ; |ALU_8x16|Equal11~0    ; out0             ;
; |ALU_8x16|Equal12~0    ; |ALU_8x16|Equal12~0    ; out0             ;
; |ALU_8x16|Equal13~0    ; |ALU_8x16|Equal13~0    ; out0             ;
; |ALU_8x16|Equal14~0    ; |ALU_8x16|Equal14~0    ; out0             ;
; |ALU_8x16|Equal15~0    ; |ALU_8x16|Equal15~0    ; out0             ;
+------------------------+------------------------+------------------+


+---------------------+
; Simulator INI Usage ;
+--------+------------+
; Option ; Usage      ;
+--------+------------+


+--------------------+
; Simulator Messages ;
+--------------------+
Info: *******************************************************************
Info: Running Quartus II Simulator
    Info: Version 9.1 Build 350 03/24/2010 Service Pack 2 SJ Web Edition
    Info: Processing started: Wed Apr 30 16:56:00 2025
Info: Command: quartus_sim --read_settings_files=on --write_settings_files=off ALU_8x16 -c ALU_8x16
Info: Using vector source file "C:/Users/ferna/OneDrive/Documentos/VSCode/VHDL_CPU/ALU_8x16_sub.vwf"
Info: Overwriting simulation input file with simulation results
    Info: A backup of ALU_8x16_sub.vwf called ALU_8x16.sim_ori.vwf has been created in the db folder
Info: Option to preserve fewer signal transitions to reduce memory requirements is enabled
    Info: Simulation has been partitioned into sub-simulations according to the maximum transition count determined by the engine. Transitions from memory will be flushed out to disk at the end of each sub-simulation to reduce memory requirements.
Info: Simulation partitioned into 1 sub-simulations
Info: Simulation coverage is      42.86 %
Info: Number of transitions in simulation is 785
Info: Vector file ALU_8x16_sub.vwf is saved in VWF text format. You can compress it into CVWF format in order to reduce file size. For more details please refer to the Quartus II Help.
Info: Quartus II Simulator was successful. 0 errors, 0 warnings
    Info: Peak virtual memory: 144 megabytes
    Info: Processing ended: Wed Apr 30 16:56:00 2025
    Info: Elapsed time: 00:00:00
    Info: Total CPU time (on all processors): 00:00:00


